/Users/hizkiaezrasutantio/IdeaProjects/vorprojekt-hizkia-ezra-sutantio/src/main/java/com.yourcompany.app/CPrincess.java
/Users/hizkiaezrasutantio/IdeaProjects/vorprojekt-hizkia-ezra-sutantio/src/main/java/com.yourcompany.app/LoveLetterGame.java
/Users/hizkiaezrasutantio/IdeaProjects/vorprojekt-hizkia-ezra-sutantio/src/main/java/com.yourcompany.app/CHandmaid.java
/Users/hizkiaezrasutantio/IdeaProjects/vorprojekt-hizkia-ezra-sutantio/src/main/java/com.yourcompany.app/CPriest.java
/Users/hizkiaezrasutantio/IdeaProjects/vorprojekt-hizkia-ezra-sutantio/src/main/java/com.yourcompany.app/exceptions.java
/Users/hizkiaezrasutantio/IdeaProjects/vorprojekt-hizkia-ezra-sutantio/src/main/java/com.yourcompany.app/CGuard.java
/Users/hizkiaezrasutantio/IdeaProjects/vorprojekt-hizkia-ezra-sutantio/src/main/java/com.yourcompany.app/CCountess.java
/Users/hizkiaezrasutantio/IdeaProjects/vorprojekt-hizkia-ezra-sutantio/src/main/java/com.yourcompany.app/InitializeGame.java
/Users/hizkiaezrasutantio/IdeaProjects/vorprojekt-hizkia-ezra-sutantio/src/main/java/com.yourcompany.app/CBaron.java
/Users/hizkiaezrasutantio/IdeaProjects/vorprojekt-hizkia-ezra-sutantio/src/main/java/com.yourcompany.app/TheGame.java
/Users/hizkiaezrasutantio/IdeaProjects/vorprojekt-hizkia-ezra-sutantio/src/main/java/com.yourcompany.app/Client.java
/Users/hizkiaezrasutantio/IdeaProjects/vorprojekt-hizkia-ezra-sutantio/src/main/java/com.yourcompany.app/CKing.java
/Users/hizkiaezrasutantio/IdeaProjects/vorprojekt-hizkia-ezra-sutantio/src/main/java/com.yourcompany.app/CPrince.java
/Users/hizkiaezrasutantio/IdeaProjects/vorprojekt-hizkia-ezra-sutantio/src/main/java/com.yourcompany.app/ClientObj.java
/Users/hizkiaezrasutantio/IdeaProjects/vorprojekt-hizkia-ezra-sutantio/src/main/java/com.yourcompany.app/Card.java
/Users/hizkiaezrasutantio/IdeaProjects/vorprojekt-hizkia-ezra-sutantio/src/main/java/com.yourcompany.app/Server.java
/Users/hizkiaezrasutantio/IdeaProjects/vorprojekt-hizkia-ezra-sutantio/src/main/java/com.yourcompany.app/Player.java
